
64K bytes of flash-simulated non-volatile configuration memory.
Base ethernet MAC Address       : 00:18:73:DE:E5:00
Motherboard assembly number     : 73-10390-03
Power supply part number        : 341-0097-02
Motherboard serial number       : FOC102516DP
Power supply serial number      : DCA10161EE9
Model revision number           : B0
Motherboard revision number     : C0
Model number                    : WS-C2960-24TT-L
System serial number            : FOC1025X79T
Top Assembly Part Number        : 800-27221-02
Top Assembly Revision Number    : B0
Version ID                      : V02
CLEI Code Number                : COM3L00BRA
Hardware Board Revision Number  : 0x01


Switch Ports Model              SW Version            SW Image
------ ----- -----              ----------            ----------
*    1 26    WS-C2960-24TT-L    12.2(55)SE12          C2960-LANBASEK9-M


*Mar  1 00:00:31.172: %LINEPROTO-5-UPDOWN: Line protocol on Interface Vlan1, changed state to down
*Mar  1 00:00:31.247: %SMI-5-CLIENT:  Smart Install Client feature is enabled. It is recommended to disable the Smart Install feature when it is not actively used. To disable feature execute 'no vstack' in configuration mode
*Mar  1 00:00:32.447: %SPANTREE-5-EXTENDED_SYSID: Extended SysId enabled for type vlan
*Mar  1 00:00:54.089: %SYS-5-RESTART: System restarted --
Cisco IOS Software, C2960 Software (C2960-LANBASEK9-M), Version 12.2(55)SE12, RELEASE SOFTWARE (fc2)
Technical Support: http://www.cisco.com/techsupport
Copyright (c) 1986-2017 by Cisco Systems, Inc.
Compiled Thu 28-Sep-17 02:53 by prod_rel_team


         --- System Configuration Dialog ---

Enable secret warning
----------------------------------
In order to access the device manager, an enable secret is required
If you enter the initial configuration dialog, you will be prompted for the enable secret
If you choose not to enter the intial configuration dialog, or if you exit setup without setting the enable secret,
please set an enable secret using the following CLI in configuration mode-
enable secret 0 <cleartext password>
----------------------------------
Would you like to enter the initial configuration dialog? [yes/no]: no
Switch>
*Mar  1 00:01:40.151: %LINK-5-CHANGED: Interface Vlan1, changed state to administratively down
Switch>
Switch>
Switch>
Switch>sh version
Cisco IOS Software, C2960 Software (C2960-LANBASEK9-M), Version 12.2(55)SE12, RELEASE SOFTWARE (fc2)
Technical Support: http://www.cisco.com/techsupport
Copyright (c) 1986-2017 by Cisco Systems, Inc.
Compiled Thu 28-Sep-17 02:53 by prod_rel_team
Image text-base: 0x00003000, data-base: 0x01900000

ROM: Bootstrap program is C2960 boot loader
BOOTLDR: C2960 Boot Loader (C2960-HBOOT-M) Version 12.2(44)SE5, RELEASE SOFTWARE (fc1)

Switch uptime is 1 minute
System returned to ROM by power-on
System image file is "flash:/c2960-lanbasek9-mz.122-55.SE12.bin"


This product contains cryptographic features and is subject to United
States and local country laws governing import, export, transfer and
use. Delivery of Cisco cryptographic products does not imply
third-party authority to import, export, distribute or use encryption.
Importers, exporters, distributors and users are responsible for
compliance with U.S. and local country laws. By using this product you
agree to comply with applicable laws and regulations. If you are unable
to comply with U.S. and local laws, return this product immediately.

A summary of U.S. laws governing Cisco cryptographic products may be found at:
http://www.cisco.com/wwl/export/crypto/tool/stqrg.html

If you require further assistance please contact us by sending email to
export@cisco.com.

cisco WS-C2960-24TT-L (PowerPC405) processor (revision B0) with 65536K bytes of memory.
Processor board ID FOC1025X79T
Last reset from power-on
1 Virtual Ethernet interface
24 FastEthernet interfaces
2 Gigabit Ethernet interfaces
The password-recovery mechanism is enabled.

64K bytes of flash-simulated non-volatile configuration memory.
Base ethernet MAC Address       : 00:18:73:DE:E5:00
Motherboard assembly number     : 73-10390-03
Power supply part number        : 341-0097-02
Motherboard serial number       : FOC102516DP
Power supply serial number      : DCA10161EE9
Model revision number           : B0
Motherboard revision number     : C0
Model number                    : WS-C2960-24TT-L
System serial number            : FOC1025X79T
Top Assembly Part Number        : 800-27221-02
Top Assembly Revision Number    : B0
Version ID                      : V02
CLEI Code Number                : COM3L00BRA
Hardware Board Revision Number  : 0x01


Switch Ports Model              SW Version            SW Image
------ ----- -----              ----------            ----------
*    1 26    WS-C2960-24TT-L    12.2(55)SE12          C2960-LANBASEK9-M


Configuration register is 0xF

Switch>hos
Switch>en
Switch#
*Mar  1 00:05:48.538: %LINK-3-UPDOWN: Interface FastEthernet0/2, changed state to up
*Mar  1 00:05:49.544: %LINEPROTO-5-UPDOWN: Line protocol on Interface FastEthernet0/2, changed state to up
Switch#
Switch#
Switch#
Switch#
Switch#
Switch#
Switch#
Switch#
Switch#
Switch#
Switch#
Switch#
Switch#
Switch#
Switch#
Switch#
Switch#
Switch#conf t
Enter configuration commands, one per line.  End with CNTL/Z.
Switch(config)#
Switch(config)#
Switch(config)#
Switch(config)#int vlan1
Switch(config-if)#ip address 192.168.1.3 255.255.255.0
Switch(config-if)#ex
Switch(config)#
Switch(config)#
Switch(config)#
Switch(config)#
Switch(config)#
Switch(config)#
Switch(config)#int vlan1
Switch(config-if)#no shut
Switch(config-if)#
Switch(config-if)#ex
Switch(config)#
*Mar  1 00:07:17.071: %LINK-3-UPDOWN: Interface Vlan1, changed state to up
Switch(config)#
*Mar  1 00:07:17.080: %LINEPROTO-5-UPDOWN: Line protocol on Interface Vlan1, changed state to up
Switch(config)#
Switch(config)#do ping 192.168.1.2

Type escape sequence to abort.
Sending 5, 100-byte ICMP Echos to 192.168.1.2, timeout is 2 seconds:
!!!!!
Success rate is 100 percent (5/5), round-trip min/avg/max = 1/203/1006 ms
Switch(config)#do ping 192.168.1.2

Type escape sequence to abort.
Sending 5, 100-byte ICMP Echos to 192.168.1.2, timeout is 2 seconds:
!!!!!
Success rate is 100 percent (5/5), round-trip min/avg/max = 1/2/9 ms
Switch(config)#do ping 192.168.1.2

Type escape sequence to abort.
Sending 5, 100-byte ICMP Echos to 192.168.1.2, timeout is 2 seconds:
!!!!!
Success rate is 100 percent (5/5), round-trip min/avg/max = 1/4/9 ms
Switch(config)#dir
                ^
% Invalid input detected at '^' marker.

Switch(config)#do dir
Directory of flash:/

    2  -rwx     9827106   Mar 1 1993 00:08:43 +00:00  c2960-lanbasek9-mz.122-55.SE12.bin
    3  -rwx         676   Mar 1 1993 02:00:57 +00:00  vlan.dat
    4  -rwx        3191   Mar 1 1993 03:17:54 +00:00  lab12i2-1.
    5  -rwx        1048   Mar 1 1993 00:00:59 +00:00  multiple-fs

32514048 bytes total (22679552 bytes free)
Switch(config)#copy tftp: flash:
                 ^
% Invalid input detected at '^' marker.

Switch(config)#do copy tftp: flash:
copy not allowed in config mode or submode

Switch(config)#ex
Switch#conf t
*Mar  1 00:09:49.895: %SYS-5-CONFIG_I: Configured from console by c
Switch#
Switch# copy tftp: flash:
Address or name of remote host []? 192.168.1.2
Source filename []? c2960-lanbasek9-mz.150-2.SE11.bin
Destination filename [c2960-lanbasek9-mz.150-2.SE11.bin]?
Accessing tftp://192.168.1.2/c2960-lanbasek9-mz.150-2.SE11.bin...
Loading c2960-lanbasek9-mz.150-2.SE11.bin from 192.168.1.2 (via Vlan1): !!!!!!!!!!!!!!!!!!!!!!!!!!!!!!!!!!!!!!!!!!!!!!!
[OK - 11832946 bytes]

11832946 bytes copied in 115.562 secs (102395 bytes/sec)
Switch#
